// Package initfirst puts init first, like decorder's init-first check.
package initfirst

var registry = map[string]func(){}

func init() { register() }

func register() { registry["run"] = Run }

// Run runs the registered function.
func Run() { registry["run"]() } // want `expected init before Run: init functions come first \(decorder init-first\)`
